main.c:192:6:HAL_GPIO_EXTI_Callback	32	static
main.c:390:6:HAL_UART_RxCpltCallback	16	static
main.c:443:6:HAL_TIM_PeriodElapsedCallback	64	static
main.c:725:6:HAL_ADC_ConvCpltCallback	128	static
main.c:749:6:toBCDConverter	32	static
main.c:773:5:main	48	static
main.c:901:6:SystemClock_Config	128	static
main.c:952:13:MX_ADC1_Init	48	static
main.c:1015:13:MX_I2C1_Init	8	static
main.c:1061:13:MX_SPI1_Init	8	static
main.c:1101:13:MX_TIM2_Init	40	static
main.c:1146:13:MX_TIM3_Init	40	static
main.c:1191:13:MX_TIM4_Init	40	static
main.c:1236:13:MX_USART2_UART_Init	8	static
main.c:1271:13:MX_USB_PCD_Init	8	static
main.c:1302:13:MX_GPIO_Init	56	static
main.c:1397:6:Error_Handler	4	static,ignoring_inline_asm
